\BOOKMARK [1][-]{section.1}{\376\377\230\230\166\356\221\315\217\360\116\016\170\024\172\166\215\357\176\277}{}% 1
\BOOKMARK [2][-]{subsection.1.1}{\376\377\230\230\166\356\211\201\154\102}{section.1}% 2
\BOOKMARK [2][-]{subsection.1.2}{\376\377\176\337\116\000\123\302\145\160}{section.1}% 3
\BOOKMARK [2][-]{subsection.1.3}{\376\377\145\164\117\123\133\236\163\260\215\357\176\277}{section.1}% 4
\BOOKMARK [1][-]{section.2}{\376\377\116\214\176\364\116\377\167\037\152\041\127\213}{}% 5
\BOOKMARK [2][-]{subsection.2.1}{\376\377\152\041\127\213\217\271\165\114}{section.2}% 6
\BOOKMARK [2][-]{subsection.2.2}{\376\377\162\266\140\001\060\001\217\223\121\145\116\016\127\060\137\142}{section.2}% 7
\BOOKMARK [2][-]{subsection.2.3}{\376\377\217\320\122\250\133\146\217\321\117\074}{section.2}% 8
\BOOKMARK [2][-]{subsection.2.4}{\376\377\173\200\123\026\122\250\122\233\133\146}{section.2}% 9
\BOOKMARK [2][-]{subsection.2.5}{\376\377\131\061\215\045\122\044\143\156}{section.2}% 10
\BOOKMARK [1][-]{section.3}{\376\377\213\304\116\367\143\007\150\007\116\016\145\160\143\156\213\260\137\125}{}% 11
\BOOKMARK [2][-]{subsection.3.1}{\376\377\145\345\137\327\121\205\133\271}{section.3}% 12
\BOOKMARK [2][-]{subsection.3.2}{\376\377\150\070\137\303\213\304\116\367\143\007\150\007}{section.3}% 13
\BOOKMARK [1][-]{section.4}{\376\377\145\271\154\325\116\000\377\032\134\100\220\350\176\277\140\047\123\026\000\040\000L\000Q\000R\000\040\143\247\122\066}{}% 14
\BOOKMARK [2][-]{subsection.4.1}{\376\377\145\271\154\325\140\035\215\357}{section.4}% 15
\BOOKMARK [2][-]{subsection.4.2}{\376\377\145\160\120\074\176\277\140\047\123\026\116\016\123\315\231\210\130\236\166\312}{section.4}% 16
\BOOKMARK [2][-]{subsection.4.3}{\376\377\133\236\163\260\162\171\160\271\116\016\230\204\147\037\134\100\226\120}{section.4}% 17
\BOOKMARK [1][-]{section.5}{\376\377\145\271\154\325\116\214\377\032\000W\000B\000C\000/\000Q\000P\000\040\143\247\122\066}{}% 18
\BOOKMARK [2][-]{subsection.5.1}{\376\377\133\236\163\260\137\142\137\017}{section.5}% 19
\BOOKMARK [2][-]{subsection.5.2}{\376\377\116\373\122\241\172\172\225\364\166\356\150\007}{section.5}% 20
\BOOKMARK [2][-]{subsection.5.3}{\376\377\127\050\176\277\117\030\123\026\166\356\150\007}{section.5}% 21
\BOOKMARK [2][-]{subsection.5.4}{\376\377\144\151\144\346\131\004\164\006\116\016\134\100\226\120}{section.5}% 22
\BOOKMARK [1][-]{section.6}{\376\377\145\271\154\325\116\011\377\032\000P\000P\000O\000\040\137\072\123\026\133\146\116\140\143\247\122\066}{}% 23
\BOOKMARK [2][-]{subsection.6.1}{\376\377\000G\000y\000m\000n\000a\000s\000i\000u\000m\000\040\163\257\130\203}{section.6}% 24
\BOOKMARK [2][-]{subsection.6.2}{\376\377\131\126\122\261\121\375\145\160}{section.6}% 25
\BOOKMARK [2][-]{subsection.6.3}{\376\377\153\213\135\356\122\233\167\351\000\040\000P\000P\000O}{section.6}% 26
\BOOKMARK [2][-]{subsection.6.4}{\376\377\166\364\143\245\122\233\167\351\000\040\000P\000P\000O}{section.6}% 27
\BOOKMARK [2][-]{subsection.6.5}{\376\377\226\217\147\072\213\255\176\303\127\072\146\157}{section.6}% 28
\BOOKMARK [1][-]{section.7}{\376\377\126\372\133\232\127\072\146\157\116\016\133\236\232\214\213\276\177\156}{}% 29
\BOOKMARK [2][-]{subsection.7.1}{\376\377\155\113\213\325\127\072\146\157}{section.7}% 30
\BOOKMARK [2][-]{subsection.7.2}{\376\377\133\371\153\324\145\160\143\156\147\145\156\220}{section.7}% 31
\BOOKMARK [1][-]{section.8}{\376\377\140\073\117\123\176\323\147\234}{}% 32
\BOOKMARK [2][-]{subsection.8.1}{\376\377\121\155\127\072\146\157\154\107\140\073}{section.8}% 33
\BOOKMARK [2][-]{subsection.8.2}{\376\377\136\163\230\172\140\047\116\016\200\375\200\027\166\204\210\145\121\105\211\302\133\337}{section.8}% 34
\BOOKMARK [1][-]{section.9}{\376\377\122\006\127\072\146\157\234\201\150\322\140\047\122\006\147\220}{}% 35
\BOOKMARK [2][-]{subsection.9.1}{\376\377\127\072\146\157\000\040\000A\377\032\167\254\140\001\137\072\121\262\121\373}{section.9}% 36
\BOOKMARK [2][-]{subsection.9.2}{\376\377\127\072\146\157\000\040\000B\377\032\143\001\176\355\140\122\133\232\143\250\122\233}{section.9}% 37
\BOOKMARK [2][-]{subsection.9.3}{\376\377\127\072\146\157\000\040\000C\0001\377\032\211\304\122\031\153\143\137\046\127\060\137\142}{section.9}% 38
\BOOKMARK [2][-]{subsection.9.4}{\376\377\127\072\146\157\000\040\000C\0002\377\032\136\163\156\321\226\217\147\072\127\060\137\142}{section.9}% 39
\BOOKMARK [2][-]{subsection.9.5}{\376\377\127\072\146\157\000\040\000D\377\032\131\047\136\105\116\015\211\304\122\031\127\060\137\142}{section.9}% 40
\BOOKMARK [2][-]{subsection.9.6}{\376\377\127\072\146\157\000\040\000E\377\032\176\304\124\010\215\212\165\114\123\213\122\233\155\113\213\325}{section.9}% 41
\BOOKMARK [1][-]{section.10}{\376\377\145\271\154\325\133\371\153\324\116\016\135\345\172\013\213\250\213\272}{}% 42
\BOOKMARK [2][-]{subsection.10.1}{\376\377\000L\000Q\000R\377\032\220\002\124\010\117\134\116\072\156\005\146\160\123\357\227\140\166\204\127\372\176\277}{section.10}% 43
\BOOKMARK [2][-]{subsection.10.2}{\376\377\000W\000B\000C\000/\000Q\000P\377\032\123\125\153\145\174\276\136\246\232\330\377\014\117\106\227\000\211\201\146\364\116\045\150\074\166\204\176\246\147\137\136\372\152\041}{section.10}% 44
\BOOKMARK [2][-]{subsection.10.3}{\376\377\153\213\135\356\000\040\000P\000P\000O\377\032\213\255\176\303\133\271\146\023\377\014\140\047\200\375\116\012\226\120\123\327\127\372\170\100\143\247\122\066\126\150\137\161\124\315}{section.10}% 45
\BOOKMARK [2][-]{subsection.10.4}{\376\377\166\364\143\245\000\040\000P\000P\000O\377\032\213\255\176\303\142\020\147\054\232\330\377\014\117\106\137\123\122\115\176\374\124\010\145\110\147\234\147\000\131\175}{section.10}% 46
\BOOKMARK [2][-]{subsection.10.5}{\376\377\147\000\117\163\143\247\122\066\126\150}{section.10}% 47
\BOOKMARK [1][-]{section.11}{\376\377\131\015\163\260\145\271\137\017\116\016\116\343\170\001\175\042\137\025}{}% 48
\BOOKMARK [2][-]{subsection.11.1}{\376\377\117\235\215\126\133\211\210\305}{section.11}% 49
\BOOKMARK [2][-]{subsection.11.2}{\376\377\127\372\170\100\143\247\122\066\126\150\133\371\153\324}{section.11}% 50
\BOOKMARK [2][-]{subsection.11.3}{\376\377\153\213\135\356\000\040\000P\000P\000O\000\040\213\255\176\303\116\016\213\304\117\060}{section.11}% 51
\BOOKMARK [2][-]{subsection.11.4}{\376\377\166\364\143\245\000\040\000P\000P\000O\000\040\213\376\172\013\137\017\213\255\176\303}{section.11}% 52
\BOOKMARK [2][-]{subsection.11.5}{\376\377\126\333\143\247\122\066\126\150\142\151\134\125\133\371\153\324}{section.11}% 53
\BOOKMARK [2][-]{subsection.11.6}{\376\377\116\073\211\201\156\220\170\001\146\040\134\004}{section.11}% 54
\BOOKMARK [1][-]{section.12}{\376\377\140\073\176\323}{}% 55
